[2025-12-07T22:54:38.575+0000][gc,heap] Heap region size: 1M
[2025-12-07T22:54:38.583+0000][gc     ] Using G1
[2025-12-07T22:54:38.583+0000][gc,heap,coops] Heap address: 0x00000000c0000000, size: 1024 MB, Compressed Oops mode: 32-bit
[2025-12-07T22:54:38.989+0000][gc,start     ] GC(0) Pause Young (Concurrent Start) (Metadata GC Threshold)
[2025-12-07T22:54:38.990+0000][gc,task      ] GC(0) Using 6 workers of 6 for evacuation
[2025-12-07T22:54:38.998+0000][gc,phases    ] GC(0)   Pre Evacuate Collection Set: 0.1ms
[2025-12-07T22:54:38.998+0000][gc,phases    ] GC(0)   Evacuate Collection Set: 6.5ms
[2025-12-07T22:54:38.998+0000][gc,phases    ] GC(0)   Post Evacuate Collection Set: 0.5ms
[2025-12-07T22:54:38.998+0000][gc,phases    ] GC(0)   Other: 1.2ms
[2025-12-07T22:54:38.998+0000][gc,heap      ] GC(0) Eden regions: 35->0(44)
[2025-12-07T22:54:38.998+0000][gc,heap      ] GC(0) Survivor regions: 0->7(7)
[2025-12-07T22:54:38.998+0000][gc,heap      ] GC(0) Old regions: 0->0
[2025-12-07T22:54:38.998+0000][gc,heap      ] GC(0) Humongous regions: 0->0
[2025-12-07T22:54:38.998+0000][gc,metaspace ] GC(0) Metaspace: 20607K(21248K)->20607K(21248K) NonClass: 18442K(18944K)->18442K(18944K) Class: 2165K(2304K)->2165K(2304K)
[2025-12-07T22:54:38.998+0000][gc           ] GC(0) Pause Young (Concurrent Start) (Metadata GC Threshold) 35M->6M(1024M) 8.869ms
[2025-12-07T22:54:38.998+0000][gc,cpu       ] GC(0) User=0.01s Sys=0.02s Real=0.01s
[2025-12-07T22:54:38.998+0000][gc           ] GC(1) Concurrent Cycle
[2025-12-07T22:54:38.999+0000][gc,marking   ] GC(1) Concurrent Clear Claimed Marks
[2025-12-07T22:54:38.999+0000][gc,marking   ] GC(1) Concurrent Clear Claimed Marks 0.142ms
[2025-12-07T22:54:38.999+0000][gc,marking   ] GC(1) Concurrent Scan Root Regions
[2025-12-07T22:54:39.000+0000][gc,marking   ] GC(1) Concurrent Scan Root Regions 1.013ms
[2025-12-07T22:54:39.000+0000][gc,marking   ] GC(1) Concurrent Mark (0.428s)
[2025-12-07T22:54:39.000+0000][gc,marking   ] GC(1) Concurrent Mark From Roots
[2025-12-07T22:54:39.000+0000][gc,task      ] GC(1) Using 2 workers of 2 for marking
[2025-12-07T22:54:39.001+0000][gc,marking   ] GC(1) Concurrent Mark From Roots 0.636ms
[2025-12-07T22:54:39.001+0000][gc,marking   ] GC(1) Concurrent Preclean
[2025-12-07T22:54:39.001+0000][gc,marking   ] GC(1) Concurrent Preclean 0.147ms
[2025-12-07T22:54:39.001+0000][gc,marking   ] GC(1) Concurrent Mark (0.428s, 0.429s) 1.142ms
[2025-12-07T22:54:39.001+0000][gc,start     ] GC(1) Pause Remark
[2025-12-07T22:54:39.002+0000][gc,stringtable] GC(1) Cleaned string and symbol table, strings: 7250 processed, 0 removed, symbols: 65096 processed, 23 removed
[2025-12-07T22:54:39.002+0000][gc            ] GC(1) Pause Remark 7M->7M(1024M) 1.063ms
[2025-12-07T22:54:39.002+0000][gc,cpu        ] GC(1) User=0.00s Sys=0.00s Real=0.00s
[2025-12-07T22:54:39.002+0000][gc,marking    ] GC(1) Concurrent Rebuild Remembered Sets
[2025-12-07T22:54:39.003+0000][gc,marking    ] GC(1) Concurrent Rebuild Remembered Sets 0.210ms
[2025-12-07T22:54:39.003+0000][gc,start      ] GC(1) Pause Cleanup
[2025-12-07T22:54:39.003+0000][gc            ] GC(1) Pause Cleanup 7M->7M(1024M) 0.238ms
[2025-12-07T22:54:39.003+0000][gc,cpu        ] GC(1) User=0.00s Sys=0.00s Real=0.00s
[2025-12-07T22:54:39.003+0000][gc,marking    ] GC(1) Concurrent Cleanup for Next Mark
[2025-12-07T22:54:39.025+0000][gc,marking    ] GC(1) Concurrent Cleanup for Next Mark 22.015ms
[2025-12-07T22:54:39.026+0000][gc            ] GC(1) Concurrent Cycle 27.193ms
[2025-12-07T22:54:39.546+0000][gc,start      ] GC(2) Pause Young (Normal) (G1 Evacuation Pause)
[2025-12-07T22:54:39.546+0000][gc,task       ] GC(2) Using 6 workers of 6 for evacuation
[2025-12-07T22:54:39.551+0000][gc,phases     ] GC(2)   Pre Evacuate Collection Set: 0.1ms
[2025-12-07T22:54:39.551+0000][gc,phases     ] GC(2)   Evacuate Collection Set: 4.5ms
[2025-12-07T22:54:39.552+0000][gc,phases     ] GC(2)   Post Evacuate Collection Set: 0.5ms
[2025-12-07T22:54:39.552+0000][gc,phases     ] GC(2)   Other: 0.5ms
[2025-12-07T22:54:39.552+0000][gc,heap       ] GC(2) Eden regions: 44->0(48)
[2025-12-07T22:54:39.552+0000][gc,heap       ] GC(2) Survivor regions: 7->3(7)
[2025-12-07T22:54:39.552+0000][gc,heap       ] GC(2) Old regions: 0->7
[2025-12-07T22:54:39.552+0000][gc,heap       ] GC(2) Humongous regions: 129->129
[2025-12-07T22:54:39.552+0000][gc,metaspace  ] GC(2) Metaspace: 29894K(30716K)->29894K(30716K) NonClass: 26474K(26876K)->26474K(26876K) Class: 3419K(3840K)->3419K(3840K)
[2025-12-07T22:54:39.553+0000][gc            ] GC(2) Pause Young (Normal) (G1 Evacuation Pause) 179M->137M(1024M) 6.786ms
[2025-12-07T22:54:39.553+0000][gc,cpu        ] GC(2) User=0.02s Sys=0.02s Real=0.00s
[2025-12-07T22:54:39.667+0000][gc,start      ] GC(3) Pause Young (Concurrent Start) (Metadata GC Threshold)
[2025-12-07T22:54:39.668+0000][gc,task       ] GC(3) Using 6 workers of 6 for evacuation
[2025-12-07T22:54:39.670+0000][gc,phases     ] GC(3)   Pre Evacuate Collection Set: 0.1ms
[2025-12-07T22:54:39.670+0000][gc,phases     ] GC(3)   Evacuate Collection Set: 1.5ms
[2025-12-07T22:54:39.670+0000][gc,phases     ] GC(3)   Post Evacuate Collection Set: 0.3ms
[2025-12-07T22:54:39.670+0000][gc,phases     ] GC(3)   Other: 0.4ms
[2025-12-07T22:54:39.670+0000][gc,heap       ] GC(3) Eden regions: 29->0(48)
[2025-12-07T22:54:39.670+0000][gc,heap       ] GC(3) Survivor regions: 3->3(7)
[2025-12-07T22:54:39.670+0000][gc,heap       ] GC(3) Old regions: 7->7
[2025-12-07T22:54:39.670+0000][gc,heap       ] GC(3) Humongous regions: 129->129
[2025-12-07T22:54:39.670+0000][gc,metaspace  ] GC(3) Metaspace: 35137K(36048K)->35137K(36048K) NonClass: 31315K(31824K)->31315K(31824K) Class: 3821K(4224K)->3821K(4224K)
[2025-12-07T22:54:39.670+0000][gc            ] GC(3) Pause Young (Concurrent Start) (Metadata GC Threshold) 166M->138M(1024M) 2.875ms
[2025-12-07T22:54:39.670+0000][gc,cpu        ] GC(3) User=0.00s Sys=0.00s Real=0.00s
[2025-12-07T22:54:39.670+0000][gc            ] GC(4) Concurrent Cycle
[2025-12-07T22:54:39.671+0000][gc,marking    ] GC(4) Concurrent Clear Claimed Marks
[2025-12-07T22:54:39.671+0000][gc,marking    ] GC(4) Concurrent Clear Claimed Marks 0.166ms
[2025-12-07T22:54:39.671+0000][gc,marking    ] GC(4) Concurrent Scan Root Regions
[2025-12-07T22:54:39.672+0000][gc,marking    ] GC(4) Concurrent Scan Root Regions 0.825ms
[2025-12-07T22:54:39.672+0000][gc,marking    ] GC(4) Concurrent Mark (1.099s)
[2025-12-07T22:54:39.672+0000][gc,marking    ] GC(4) Concurrent Mark From Roots
[2025-12-07T22:54:39.672+0000][gc,task       ] GC(4) Using 2 workers of 2 for marking
[2025-12-07T22:54:39.674+0000][gc,marking    ] GC(4) Concurrent Mark From Roots 2.265ms
[2025-12-07T22:54:39.674+0000][gc,marking    ] GC(4) Concurrent Preclean
[2025-12-07T22:54:39.674+0000][gc,marking    ] GC(4) Concurrent Preclean 0.185ms
[2025-12-07T22:54:39.675+0000][gc,marking    ] GC(4) Concurrent Mark (1.099s, 1.102s) 2.779ms
[2025-12-07T22:54:39.675+0000][gc,start      ] GC(4) Pause Remark
[2025-12-07T22:54:39.676+0000][gc,stringtable] GC(4) Cleaned string and symbol table, strings: 11166 processed, 10 removed, symbols: 97918 processed, 25 removed
[2025-12-07T22:54:39.676+0000][gc            ] GC(4) Pause Remark 140M->140M(1024M) 1.466ms
[2025-12-07T22:54:39.676+0000][gc,cpu        ] GC(4) User=0.00s Sys=0.00s Real=0.00s
[2025-12-07T22:54:39.676+0000][gc,marking    ] GC(4) Concurrent Rebuild Remembered Sets
[2025-12-07T22:54:39.678+0000][gc,marking    ] GC(4) Concurrent Rebuild Remembered Sets 1.619ms
[2025-12-07T22:54:39.678+0000][gc,start      ] GC(4) Pause Cleanup
[2025-12-07T22:54:39.679+0000][gc            ] GC(4) Pause Cleanup 140M->140M(1024M) 0.262ms
[2025-12-07T22:54:39.679+0000][gc,cpu        ] GC(4) User=0.00s Sys=0.01s Real=0.00s
[2025-12-07T22:54:39.679+0000][gc,marking    ] GC(4) Concurrent Cleanup for Next Mark
[2025-12-07T22:54:39.690+0000][gc,marking    ] GC(4) Concurrent Cleanup for Next Mark 10.945ms
[2025-12-07T22:54:39.690+0000][gc            ] GC(4) Concurrent Cycle 19.511ms
[2025-12-07T22:54:39.995+0000][gc,start      ] GC(5) Pause Young (Normal) (G1 Evacuation Pause)
[2025-12-07T22:54:39.995+0000][gc,task       ] GC(5) Using 6 workers of 6 for evacuation
[2025-12-07T22:54:39.999+0000][gc,phases     ] GC(5)   Pre Evacuate Collection Set: 0.1ms
[2025-12-07T22:54:39.999+0000][gc,phases     ] GC(5)   Evacuate Collection Set: 3.0ms
[2025-12-07T22:54:39.999+0000][gc,phases     ] GC(5)   Post Evacuate Collection Set: 0.4ms
[2025-12-07T22:54:40.000+0000][gc,phases     ] GC(5)   Other: 0.5ms
[2025-12-07T22:54:40.000+0000][gc,heap       ] GC(5) Eden regions: 48->0(44)
[2025-12-07T22:54:40.000+0000][gc,heap       ] GC(5) Survivor regions: 3->7(7)
[2025-12-07T22:54:40.000+0000][gc,heap       ] GC(5) Old regions: 7->7
[2025-12-07T22:54:40.000+0000][gc,heap       ] GC(5) Humongous regions: 129->129
[2025-12-07T22:54:40.000+0000][gc,metaspace  ] GC(5) Metaspace: 43473K(45000K)->43473K(45000K) NonClass: 38627K(39420K)->38627K(39420K) Class: 4845K(5580K)->4845K(5580K)
[2025-12-07T22:54:40.000+0000][gc            ] GC(5) Pause Young (Normal) (G1 Evacuation Pause) 186M->142M(1024M) 4.739ms
[2025-12-07T22:54:40.000+0000][gc,cpu        ] GC(5) User=0.01s Sys=0.01s Real=0.00s
[2025-12-07T22:54:44.360+0000][gc,start      ] GC(6) Pause Young (Normal) (G1 Evacuation Pause)
[2025-12-07T22:54:44.361+0000][gc,task       ] GC(6) Using 6 workers of 6 for evacuation
[2025-12-07T22:54:44.379+0000][gc,phases     ] GC(6)   Pre Evacuate Collection Set: 0.8ms
[2025-12-07T22:54:44.379+0000][gc,phases     ] GC(6)   Evacuate Collection Set: 15.1ms
[2025-12-07T22:54:44.379+0000][gc,phases     ] GC(6)   Post Evacuate Collection Set: 1.0ms
[2025-12-07T22:54:44.379+0000][gc,phases     ] GC(6)   Other: 1.4ms
[2025-12-07T22:54:44.379+0000][gc,heap       ] GC(6) Eden regions: 44->0(48)
[2025-12-07T22:54:44.380+0000][gc,heap       ] GC(6) Survivor regions: 7->3(7)
[2025-12-07T22:54:44.380+0000][gc,heap       ] GC(6) Old regions: 7->13
[2025-12-07T22:54:44.380+0000][gc,heap       ] GC(6) Humongous regions: 129->129
[2025-12-07T22:54:44.380+0000][gc,metaspace  ] GC(6) Metaspace: 49429K(52040K)->49429K(52040K) NonClass: 43417K(44796K)->43417K(44796K) Class: 6012K(7244K)->6012K(7244K)
[2025-12-07T22:54:44.380+0000][gc            ] GC(6) Pause Young (Normal) (G1 Evacuation Pause) 186M->144M(1024M) 19.861ms
[2025-12-07T22:54:44.380+0000][gc,cpu        ] GC(6) User=0.07s Sys=0.02s Real=0.02s
[2025-12-07T23:39:48.203+0000][gc,start      ] GC(7) Pause Young (Normal) (G1 Evacuation Pause)
[2025-12-07T23:39:48.203+0000][gc,task       ] GC(7) Using 6 workers of 6 for evacuation
[2025-12-07T23:39:48.219+0000][gc,phases     ] GC(7)   Pre Evacuate Collection Set: 2.8ms
[2025-12-07T23:39:48.219+0000][gc,phases     ] GC(7)   Evacuate Collection Set: 11.0ms
[2025-12-07T23:39:48.219+0000][gc,phases     ] GC(7)   Post Evacuate Collection Set: 1.6ms
[2025-12-07T23:39:48.219+0000][gc,phases     ] GC(7)   Other: 1.0ms
[2025-12-07T23:39:48.220+0000][gc,heap       ] GC(7) Eden regions: 48->0(47)
[2025-12-07T23:39:48.220+0000][gc,heap       ] GC(7) Survivor regions: 3->4(7)
[2025-12-07T23:39:48.220+0000][gc,heap       ] GC(7) Old regions: 13->13
[2025-12-07T23:39:48.220+0000][gc,heap       ] GC(7) Humongous regions: 129->129
[2025-12-07T23:39:48.220+0000][gc,metaspace  ] GC(7) Metaspace: 51742K(54472K)->51742K(54472K) NonClass: 45485K(46844K)->45485K(46844K) Class: 6256K(7628K)->6256K(7628K)
[2025-12-07T23:39:48.220+0000][gc            ] GC(7) Pause Young (Normal) (G1 Evacuation Pause) 192M->145M(1024M) 17.581ms
[2025-12-07T23:39:48.220+0000][gc,cpu        ] GC(7) User=0.07s Sys=0.00s Real=0.02s
[2025-12-08T00:48:04.703+0000][gc,start      ] GC(8) Pause Young (Normal) (G1 Evacuation Pause)
[2025-12-08T00:48:04.710+0000][gc,task       ] GC(8) Using 6 workers of 6 for evacuation
[2025-12-08T00:48:04.735+0000][gc,mmu        ] GC(8) MMU target violated: 21.0ms (20.0ms/21.0ms)
[2025-12-08T00:48:04.735+0000][gc,phases     ] GC(8)   Pre Evacuate Collection Set: 5.5ms
[2025-12-08T00:48:04.736+0000][gc,phases     ] GC(8)   Evacuate Collection Set: 17.9ms
[2025-12-08T00:48:04.736+0000][gc,phases     ] GC(8)   Post Evacuate Collection Set: 1.2ms
[2025-12-08T00:48:04.736+0000][gc,phases     ] GC(8)   Other: 7.6ms
[2025-12-08T00:48:04.736+0000][gc,heap       ] GC(8) Eden regions: 47->0(47)
[2025-12-08T00:48:04.736+0000][gc,heap       ] GC(8) Survivor regions: 4->4(7)
[2025-12-08T00:48:04.736+0000][gc,heap       ] GC(8) Old regions: 13->13
[2025-12-08T00:48:04.736+0000][gc,heap       ] GC(8) Humongous regions: 129->129
[2025-12-08T00:48:04.736+0000][gc,metaspace  ] GC(8) Metaspace: 52080K(54984K)->52080K(54984K) NonClass: 45823K(47356K)->45823K(47356K) Class: 6256K(7628K)->6256K(7628K)
[2025-12-08T00:48:04.736+0000][gc            ] GC(8) Pause Young (Normal) (G1 Evacuation Pause) 192M->145M(1024M) 33.042ms
[2025-12-08T00:48:04.737+0000][gc,cpu        ] GC(8) User=0.11s Sys=0.00s Real=0.03s
[2025-12-08T01:11:54.719+0000][gc,start      ] GC(9) Pause Young (Normal) (G1 Evacuation Pause)
[2025-12-08T01:11:54.721+0000][gc,task       ] GC(9) Using 6 workers of 6 for evacuation
[2025-12-08T01:11:54.770+0000][gc,mmu        ] GC(9) MMU target violated: 21.0ms (20.0ms/21.0ms)
[2025-12-08T01:11:54.770+0000][gc,phases     ] GC(9)   Pre Evacuate Collection Set: 5.4ms
[2025-12-08T01:11:54.770+0000][gc,phases     ] GC(9)   Evacuate Collection Set: 40.3ms
[2025-12-08T01:11:54.771+0000][gc,phases     ] GC(9)   Post Evacuate Collection Set: 2.3ms
[2025-12-08T01:11:54.771+0000][gc,phases     ] GC(9)   Other: 3.1ms
[2025-12-08T01:11:54.771+0000][gc,heap       ] GC(9) Eden regions: 47->0(48)
[2025-12-08T01:11:54.771+0000][gc,heap       ] GC(9) Survivor regions: 4->3(7)
[2025-12-08T01:11:54.771+0000][gc,heap       ] GC(9) Old regions: 13->16
[2025-12-08T01:11:54.771+0000][gc,heap       ] GC(9) Humongous regions: 129->129
[2025-12-08T01:11:54.772+0000][gc,metaspace  ] GC(9) Metaspace: 52668K(55624K)->52668K(55624K) NonClass: 46271K(47868K)->46271K(47868K) Class: 6397K(7756K)->6397K(7756K)
[2025-12-08T01:11:54.772+0000][gc            ] GC(9) Pause Young (Normal) (G1 Evacuation Pause) 192M->146M(1024M) 52.294ms
[2025-12-08T01:11:54.772+0000][gc,cpu        ] GC(9) User=0.23s Sys=0.02s Real=0.06s
[2025-12-08T01:33:46.701+0000][gc,start      ] GC(10) Pause Young (Normal) (G1 Evacuation Pause)
[2025-12-08T01:33:46.703+0000][gc,task       ] GC(10) Using 6 workers of 6 for evacuation
[2025-12-08T01:33:46.735+0000][gc,mmu        ] GC(10) MMU target violated: 21.0ms (20.0ms/21.0ms)
[2025-12-08T01:33:46.736+0000][gc,phases     ] GC(10)   Pre Evacuate Collection Set: 5.0ms
[2025-12-08T01:33:46.736+0000][gc,phases     ] GC(10)   Evacuate Collection Set: 25.4ms
[2025-12-08T01:33:46.736+0000][gc,phases     ] GC(10)   Post Evacuate Collection Set: 1.2ms
[2025-12-08T01:33:46.736+0000][gc,phases     ] GC(10)   Other: 3.9ms
[2025-12-08T01:33:46.736+0000][gc,heap       ] GC(10) Eden regions: 48->0(47)
[2025-12-08T01:33:46.736+0000][gc,heap       ] GC(10) Survivor regions: 3->4(7)
[2025-12-08T01:33:46.736+0000][gc,heap       ] GC(10) Old regions: 16->16
[2025-12-08T01:33:46.736+0000][gc,heap       ] GC(10) Humongous regions: 129->129
[2025-12-08T01:33:46.736+0000][gc,metaspace  ] GC(10) Metaspace: 53167K(56264K)->53167K(56264K) NonClass: 46719K(48380K)->46719K(48380K) Class: 6447K(7884K)->6447K(7884K)
[2025-12-08T01:33:46.736+0000][gc            ] GC(10) Pause Young (Normal) (G1 Evacuation Pause) 194M->147M(1024M) 35.977ms
[2025-12-08T01:33:46.737+0000][gc,cpu        ] GC(10) User=0.16s Sys=0.00s Real=0.03s
[2025-12-08T01:46:43.827+0000][gc,start      ] GC(11) Pause Young (Normal) (G1 Evacuation Pause)
[2025-12-08T01:46:43.828+0000][gc,task       ] GC(11) Using 6 workers of 6 for evacuation
[2025-12-08T01:46:43.880+0000][gc,mmu        ] GC(11) MMU target violated: 21.0ms (20.0ms/21.0ms)
[2025-12-08T01:46:43.880+0000][gc,phases     ] GC(11)   Pre Evacuate Collection Set: 7.0ms
[2025-12-08T01:46:43.880+0000][gc,phases     ] GC(11)   Evacuate Collection Set: 41.8ms
[2025-12-08T01:46:43.880+0000][gc,phases     ] GC(11)   Post Evacuate Collection Set: 1.6ms
[2025-12-08T01:46:43.880+0000][gc,phases     ] GC(11)   Other: 3.2ms
[2025-12-08T01:46:43.880+0000][gc,heap       ] GC(11) Eden regions: 47->0(47)
[2025-12-08T01:46:43.880+0000][gc,heap       ] GC(11) Survivor regions: 4->4(7)
[2025-12-08T01:46:43.880+0000][gc,heap       ] GC(11) Old regions: 16->16
[2025-12-08T01:46:43.880+0000][gc,heap       ] GC(11) Humongous regions: 129->129
[2025-12-08T01:46:43.880+0000][gc,metaspace  ] GC(11) Metaspace: 53182K(56264K)->53182K(56264K) NonClass: 46734K(48380K)->46734K(48380K) Class: 6447K(7884K)->6447K(7884K)
[2025-12-08T01:46:43.881+0000][gc            ] GC(11) Pause Young (Normal) (G1 Evacuation Pause) 194M->147M(1024M) 54.030ms
[2025-12-08T01:46:43.881+0000][gc,cpu        ] GC(11) User=0.25s Sys=0.00s Real=0.05s
[2025-12-08T01:59:43.654+0000][gc,start      ] GC(12) Pause Young (Normal) (G1 Evacuation Pause)
[2025-12-08T01:59:43.655+0000][gc,task       ] GC(12) Using 6 workers of 6 for evacuation
[2025-12-08T01:59:43.713+0000][gc,mmu        ] GC(12) MMU target violated: 21.0ms (20.0ms/21.0ms)
[2025-12-08T01:59:43.714+0000][gc,phases     ] GC(12)   Pre Evacuate Collection Set: 7.4ms
[2025-12-08T01:59:43.714+0000][gc,phases     ] GC(12)   Evacuate Collection Set: 41.9ms
[2025-12-08T01:59:43.714+0000][gc,phases     ] GC(12)   Post Evacuate Collection Set: 9.0ms
[2025-12-08T01:59:43.714+0000][gc,phases     ] GC(12)   Other: 1.1ms
[2025-12-08T01:59:43.714+0000][gc,heap       ] GC(12) Eden regions: 47->0(47)
[2025-12-08T01:59:43.714+0000][gc,heap       ] GC(12) Survivor regions: 4->4(7)
[2025-12-08T01:59:43.714+0000][gc,heap       ] GC(12) Old regions: 16->16
[2025-12-08T01:59:43.714+0000][gc,heap       ] GC(12) Humongous regions: 129->129
[2025-12-08T01:59:43.714+0000][gc,metaspace  ] GC(12) Metaspace: 53685K(56776K)->53685K(56776K) NonClass: 47086K(48636K)->47086K(48636K) Class: 6598K(8140K)->6598K(8140K)
[2025-12-08T01:59:43.714+0000][gc            ] GC(12) Pause Young (Normal) (G1 Evacuation Pause) 194M->148M(1024M) 60.297ms
[2025-12-08T01:59:43.714+0000][gc,cpu        ] GC(12) User=0.25s Sys=0.00s Real=0.06s
[2025-12-08T01:59:43.939+0000][gc,heap,exit  ] Heap
[2025-12-08T01:59:43.939+0000][gc,heap,exit  ]  garbage-first heap   total 1048576K, used 156041K [0x00000000c0000000, 0x0000000100000000)
[2025-12-08T01:59:43.939+0000][gc,heap,exit  ]   region size 1024K, 9 young (9216K), 4 survivors (4096K)
[2025-12-08T01:59:43.939+0000][gc,heap,exit  ]  Metaspace       used 53940K, capacity 56911K, committed 57032K, reserved 1097728K
[2025-12-08T01:59:43.939+0000][gc,heap,exit  ]   class space    used 6662K, capacity 8105K, committed 8140K, reserved 1048576K
