[2025-12-08T02:00:19.098+0000][gc,heap] Heap region size: 1M
[2025-12-08T02:00:19.106+0000][gc     ] Using G1
[2025-12-08T02:00:19.106+0000][gc,heap,coops] Heap address: 0x00000000c0000000, size: 1024 MB, Compressed Oops mode: 32-bit
[2025-12-08T02:00:19.451+0000][gc,start     ] GC(0) Pause Young (Concurrent Start) (Metadata GC Threshold)
[2025-12-08T02:00:19.452+0000][gc,task      ] GC(0) Using 6 workers of 6 for evacuation
[2025-12-08T02:00:19.459+0000][gc,phases    ] GC(0)   Pre Evacuate Collection Set: 0.1ms
[2025-12-08T02:00:19.459+0000][gc,phases    ] GC(0)   Evacuate Collection Set: 6.5ms
[2025-12-08T02:00:19.459+0000][gc,phases    ] GC(0)   Post Evacuate Collection Set: 0.5ms
[2025-12-08T02:00:19.460+0000][gc,phases    ] GC(0)   Other: 1.0ms
[2025-12-08T02:00:19.460+0000][gc,heap      ] GC(0) Eden regions: 35->0(44)
[2025-12-08T02:00:19.460+0000][gc,heap      ] GC(0) Survivor regions: 0->7(7)
[2025-12-08T02:00:19.460+0000][gc,heap      ] GC(0) Old regions: 0->0
[2025-12-08T02:00:19.460+0000][gc,heap      ] GC(0) Humongous regions: 0->0
[2025-12-08T02:00:19.460+0000][gc,metaspace ] GC(0) Metaspace: 20804K(21296K)->20804K(21296K) NonClass: 18594K(18864K)->18594K(18864K) Class: 2209K(2432K)->2209K(2432K)
[2025-12-08T02:00:19.460+0000][gc           ] GC(0) Pause Young (Concurrent Start) (Metadata GC Threshold) 35M->6M(1024M) 8.942ms
[2025-12-08T02:00:19.460+0000][gc,cpu       ] GC(0) User=0.01s Sys=0.01s Real=0.01s
[2025-12-08T02:00:19.460+0000][gc           ] GC(1) Concurrent Cycle
[2025-12-08T02:00:19.460+0000][gc,marking   ] GC(1) Concurrent Clear Claimed Marks
[2025-12-08T02:00:19.461+0000][gc,marking   ] GC(1) Concurrent Clear Claimed Marks 0.114ms
[2025-12-08T02:00:19.461+0000][gc,marking   ] GC(1) Concurrent Scan Root Regions
[2025-12-08T02:00:19.462+0000][gc,marking   ] GC(1) Concurrent Scan Root Regions 1.085ms
[2025-12-08T02:00:19.462+0000][gc,marking   ] GC(1) Concurrent Mark (0.368s)
[2025-12-08T02:00:19.462+0000][gc,marking   ] GC(1) Concurrent Mark From Roots
[2025-12-08T02:00:19.462+0000][gc,task      ] GC(1) Using 2 workers of 2 for marking
[2025-12-08T02:00:19.462+0000][gc,marking   ] GC(1) Concurrent Mark From Roots 0.472ms
[2025-12-08T02:00:19.463+0000][gc,marking   ] GC(1) Concurrent Preclean
[2025-12-08T02:00:19.463+0000][gc,marking   ] GC(1) Concurrent Preclean 0.120ms
[2025-12-08T02:00:19.463+0000][gc,marking   ] GC(1) Concurrent Mark (0.368s, 0.369s) 0.841ms
[2025-12-08T02:00:19.463+0000][gc,start     ] GC(1) Pause Remark
[2025-12-08T02:00:19.465+0000][gc,stringtable] GC(1) Cleaned string and symbol table, strings: 7292 processed, 0 removed, symbols: 65309 processed, 22 removed
[2025-12-08T02:00:19.465+0000][gc            ] GC(1) Pause Remark 7M->7M(1024M) 2.078ms
[2025-12-08T02:00:19.465+0000][gc,cpu        ] GC(1) User=0.01s Sys=0.00s Real=0.00s
[2025-12-08T02:00:19.465+0000][gc,marking    ] GC(1) Concurrent Rebuild Remembered Sets
[2025-12-08T02:00:19.465+0000][gc,marking    ] GC(1) Concurrent Rebuild Remembered Sets 0.122ms
[2025-12-08T02:00:19.466+0000][gc,start      ] GC(1) Pause Cleanup
[2025-12-08T02:00:19.466+0000][gc            ] GC(1) Pause Cleanup 7M->7M(1024M) 0.223ms
[2025-12-08T02:00:19.466+0000][gc,cpu        ] GC(1) User=0.00s Sys=0.00s Real=0.00s
[2025-12-08T02:00:19.466+0000][gc,marking    ] GC(1) Concurrent Cleanup for Next Mark
[2025-12-08T02:00:19.473+0000][gc,marking    ] GC(1) Concurrent Cleanup for Next Mark 6.866ms
[2025-12-08T02:00:19.473+0000][gc            ] GC(1) Concurrent Cycle 12.970ms
[2025-12-08T02:00:19.781+0000][gc,start      ] GC(2) Pause Young (Normal) (G1 Evacuation Pause)
[2025-12-08T02:00:19.781+0000][gc,task       ] GC(2) Using 6 workers of 6 for evacuation
[2025-12-08T02:00:19.786+0000][gc,phases     ] GC(2)   Pre Evacuate Collection Set: 0.0ms
[2025-12-08T02:00:19.786+0000][gc,phases     ] GC(2)   Evacuate Collection Set: 4.4ms
[2025-12-08T02:00:19.786+0000][gc,phases     ] GC(2)   Post Evacuate Collection Set: 0.3ms
[2025-12-08T02:00:19.786+0000][gc,phases     ] GC(2)   Other: 0.3ms
[2025-12-08T02:00:19.786+0000][gc,heap       ] GC(2) Eden regions: 44->0(49)
[2025-12-08T02:00:19.786+0000][gc,heap       ] GC(2) Survivor regions: 7->2(7)
[2025-12-08T02:00:19.786+0000][gc,heap       ] GC(2) Old regions: 0->7
[2025-12-08T02:00:19.786+0000][gc,heap       ] GC(2) Humongous regions: 0->0
[2025-12-08T02:00:19.787+0000][gc,metaspace  ] GC(2) Metaspace: 30281K(31152K)->30281K(31152K) NonClass: 26815K(27312K)->26815K(27312K) Class: 3465K(3840K)->3465K(3840K)
[2025-12-08T02:00:19.787+0000][gc            ] GC(2) Pause Young (Normal) (G1 Evacuation Pause) 50M->8M(1024M) 5.755ms
[2025-12-08T02:00:19.787+0000][gc,cpu        ] GC(2) User=0.02s Sys=0.01s Real=0.00s
[2025-12-08T02:00:20.180+0000][gc,start      ] GC(3) Pause Young (Concurrent Start) (Metadata GC Threshold)
[2025-12-08T02:00:20.180+0000][gc,task       ] GC(3) Using 6 workers of 6 for evacuation
[2025-12-08T02:00:20.183+0000][gc,phases     ] GC(3)   Pre Evacuate Collection Set: 0.1ms
[2025-12-08T02:00:20.183+0000][gc,phases     ] GC(3)   Evacuate Collection Set: 1.6ms
[2025-12-08T02:00:20.183+0000][gc,phases     ] GC(3)   Post Evacuate Collection Set: 0.3ms
[2025-12-08T02:00:20.183+0000][gc,phases     ] GC(3)   Other: 0.5ms
[2025-12-08T02:00:20.183+0000][gc,heap       ] GC(3) Eden regions: 31->0(48)
[2025-12-08T02:00:20.183+0000][gc,heap       ] GC(3) Survivor regions: 2->3(7)
[2025-12-08T02:00:20.183+0000][gc,heap       ] GC(3) Old regions: 7->7
[2025-12-08T02:00:20.183+0000][gc,heap       ] GC(3) Humongous regions: 129->129
[2025-12-08T02:00:20.184+0000][gc,metaspace  ] GC(3) Metaspace: 34960K(35920K)->34960K(35920K) NonClass: 31083K(31568K)->31083K(31568K) Class: 3876K(4352K)->3876K(4352K)
[2025-12-08T02:00:20.184+0000][gc            ] GC(3) Pause Young (Concurrent Start) (Metadata GC Threshold) 168M->138M(1024M) 3.472ms
[2025-12-08T02:00:20.184+0000][gc,cpu        ] GC(3) User=0.01s Sys=0.00s Real=0.00s
[2025-12-08T02:00:20.184+0000][gc            ] GC(4) Concurrent Cycle
[2025-12-08T02:00:20.184+0000][gc,marking    ] GC(4) Concurrent Clear Claimed Marks
[2025-12-08T02:00:20.184+0000][gc,marking    ] GC(4) Concurrent Clear Claimed Marks 0.121ms
[2025-12-08T02:00:20.184+0000][gc,marking    ] GC(4) Concurrent Scan Root Regions
[2025-12-08T02:00:20.185+0000][gc,marking    ] GC(4) Concurrent Scan Root Regions 0.964ms
[2025-12-08T02:00:20.185+0000][gc,marking    ] GC(4) Concurrent Mark (1.091s)
[2025-12-08T02:00:20.185+0000][gc,marking    ] GC(4) Concurrent Mark From Roots
[2025-12-08T02:00:20.186+0000][gc,task       ] GC(4) Using 2 workers of 2 for marking
[2025-12-08T02:00:20.188+0000][gc,marking    ] GC(4) Concurrent Mark From Roots 2.648ms
[2025-12-08T02:00:20.188+0000][gc,marking    ] GC(4) Concurrent Preclean
[2025-12-08T02:00:20.189+0000][gc,marking    ] GC(4) Concurrent Preclean 0.309ms
[2025-12-08T02:00:20.189+0000][gc,marking    ] GC(4) Concurrent Mark (1.091s, 1.095s) 3.512ms
[2025-12-08T02:00:20.189+0000][gc,start      ] GC(4) Pause Remark
[2025-12-08T02:00:20.191+0000][gc,stringtable] GC(4) Cleaned string and symbol table, strings: 10860 processed, 10 removed, symbols: 98449 processed, 23 removed
[2025-12-08T02:00:20.191+0000][gc            ] GC(4) Pause Remark 140M->140M(1024M) 1.998ms
[2025-12-08T02:00:20.198+0000][gc,cpu        ] GC(4) User=0.00s Sys=0.00s Real=0.01s
[2025-12-08T02:00:20.198+0000][gc,marking    ] GC(4) Concurrent Rebuild Remembered Sets
[2025-12-08T02:00:20.201+0000][gc,marking    ] GC(4) Concurrent Rebuild Remembered Sets 2.335ms
[2025-12-08T02:00:20.201+0000][gc,start      ] GC(4) Pause Cleanup
[2025-12-08T02:00:20.201+0000][gc            ] GC(4) Pause Cleanup 140M->140M(1024M) 0.360ms
[2025-12-08T02:00:20.202+0000][gc,cpu        ] GC(4) User=0.00s Sys=0.00s Real=0.00s
[2025-12-08T02:00:20.202+0000][gc,marking    ] GC(4) Concurrent Cleanup for Next Mark
[2025-12-08T02:00:20.209+0000][gc,marking    ] GC(4) Concurrent Cleanup for Next Mark 7.293ms
[2025-12-08T02:00:20.209+0000][gc            ] GC(4) Concurrent Cycle 25.175ms
[2025-12-08T02:00:20.444+0000][gc,start      ] GC(5) Pause Young (Normal) (G1 Evacuation Pause)
[2025-12-08T02:00:20.444+0000][gc,task       ] GC(5) Using 6 workers of 6 for evacuation
[2025-12-08T02:00:20.448+0000][gc,phases     ] GC(5)   Pre Evacuate Collection Set: 0.1ms
[2025-12-08T02:00:20.448+0000][gc,phases     ] GC(5)   Evacuate Collection Set: 3.2ms
[2025-12-08T02:00:20.448+0000][gc,phases     ] GC(5)   Post Evacuate Collection Set: 0.4ms
[2025-12-08T02:00:20.448+0000][gc,phases     ] GC(5)   Other: 0.4ms
[2025-12-08T02:00:20.448+0000][gc,heap       ] GC(5) Eden regions: 48->0(44)
[2025-12-08T02:00:20.448+0000][gc,heap       ] GC(5) Survivor regions: 3->7(7)
[2025-12-08T02:00:20.448+0000][gc,heap       ] GC(5) Old regions: 7->7
[2025-12-08T02:00:20.448+0000][gc,heap       ] GC(5) Humongous regions: 129->129
[2025-12-08T02:00:20.448+0000][gc,metaspace  ] GC(5) Metaspace: 43384K(45008K)->43384K(45008K) NonClass: 38615K(39504K)->38615K(39504K) Class: 4768K(5504K)->4768K(5504K)
[2025-12-08T02:00:20.448+0000][gc            ] GC(5) Pause Young (Normal) (G1 Evacuation Pause) 186M->142M(1024M) 4.886ms
[2025-12-08T02:00:20.449+0000][gc,cpu        ] GC(5) User=0.01s Sys=0.01s Real=0.00s
[2025-12-08T02:01:36.366+0000][gc,start      ] GC(6) Pause Young (Normal) (G1 Evacuation Pause)
[2025-12-08T02:01:36.367+0000][gc,task       ] GC(6) Using 6 workers of 6 for evacuation
[2025-12-08T02:01:36.418+0000][gc,mmu        ] GC(6) MMU target violated: 21.0ms (20.0ms/21.0ms)
[2025-12-08T02:01:36.419+0000][gc,phases     ] GC(6)   Pre Evacuate Collection Set: 16.1ms
[2025-12-08T02:01:36.419+0000][gc,phases     ] GC(6)   Evacuate Collection Set: 33.0ms
[2025-12-08T02:01:36.419+0000][gc,phases     ] GC(6)   Post Evacuate Collection Set: 1.4ms
[2025-12-08T02:01:36.419+0000][gc,phases     ] GC(6)   Other: 1.9ms
[2025-12-08T02:01:36.419+0000][gc,heap       ] GC(6) Eden regions: 44->0(48)
[2025-12-08T02:01:36.419+0000][gc,heap       ] GC(6) Survivor regions: 7->3(7)
[2025-12-08T02:01:36.419+0000][gc,heap       ] GC(6) Old regions: 7->14
[2025-12-08T02:01:36.419+0000][gc,heap       ] GC(6) Humongous regions: 141->129
[2025-12-08T02:01:36.419+0000][gc,metaspace  ] GC(6) Metaspace: 50080K(52816K)->50080K(52816K) NonClass: 43939K(45392K)->43939K(45392K) Class: 6141K(7424K)->6141K(7424K)
[2025-12-08T02:01:36.420+0000][gc            ] GC(6) Pause Young (Normal) (G1 Evacuation Pause) 198M->145M(1024M) 53.468ms
[2025-12-08T02:01:36.420+0000][gc,cpu        ] GC(6) User=0.21s Sys=0.01s Real=0.06s
[2025-12-08T02:20:49.926+0000][gc,start      ] GC(7) Pause Young (Normal) (G1 Evacuation Pause)
[2025-12-08T02:20:49.928+0000][gc,task       ] GC(7) Using 6 workers of 6 for evacuation
[2025-12-08T02:20:49.971+0000][gc,mmu        ] GC(7) MMU target violated: 21.0ms (20.0ms/21.0ms)
[2025-12-08T02:20:49.972+0000][gc,phases     ] GC(7)   Pre Evacuate Collection Set: 4.9ms
[2025-12-08T02:20:49.973+0000][gc,phases     ] GC(7)   Evacuate Collection Set: 35.6ms
[2025-12-08T02:20:49.973+0000][gc,phases     ] GC(7)   Post Evacuate Collection Set: 2.2ms
[2025-12-08T02:20:49.973+0000][gc,phases     ] GC(7)   Other: 2.8ms
[2025-12-08T02:20:49.973+0000][gc,heap       ] GC(7) Eden regions: 48->0(47)
[2025-12-08T02:20:49.973+0000][gc,heap       ] GC(7) Survivor regions: 3->4(7)
[2025-12-08T02:20:49.974+0000][gc,heap       ] GC(7) Old regions: 14->14
[2025-12-08T02:20:49.974+0000][gc,heap       ] GC(7) Humongous regions: 129->129
[2025-12-08T02:20:49.974+0000][gc,metaspace  ] GC(7) Metaspace: 52902K(56016K)->52902K(56016K) NonClass: 46322K(47952K)->46322K(47952K) Class: 6579K(8064K)->6579K(8064K)
[2025-12-08T02:20:49.974+0000][gc            ] GC(7) Pause Young (Normal) (G1 Evacuation Pause) 193M->145M(1024M) 48.031ms
[2025-12-08T02:20:49.975+0000][gc,cpu        ] GC(7) User=0.15s Sys=0.00s Real=0.05s
[2025-12-08T02:33:14.912+0000][gc,heap,exit  ] Heap
[2025-12-08T02:33:14.913+0000][gc,heap,exit  ]  garbage-first heap   total 1048576K, used 178950K [0x00000000c0000000, 0x0000000100000000)
[2025-12-08T02:33:14.913+0000][gc,heap,exit  ]   region size 1024K, 35 young (35840K), 4 survivors (4096K)
[2025-12-08T02:33:14.913+0000][gc,heap,exit  ]  Metaspace       used 53813K, capacity 56846K, committed 57040K, reserved 1097728K
[2025-12-08T02:33:14.913+0000][gc,heap,exit  ]   class space    used 6783K, capacity 8293K, committed 8320K, reserved 1048576K
